// Jest Snapshot v1, https://goo.gl/fbAQLP

exports[`walletConnectProposalUnsupportedNetworksToChainMetadatas proposal 1`] = `
[
  {
    "decimals": 18,
    "icon": null,
    "name": "Ethereum Mainnet",
    "namespace": "eip155",
    "nativeCurrencyName": "Ether",
    "reference": "1",
    "rpcUrls": [
      "https://mainnet.infura.io/v3/099fc58e0de9451d80b18d7c74caa7c1",
    ],
    "symbol": "ETH",
  },
]
`;

exports[`walletConnectProposalUnsupportedNetworksToChainMetadatas proposal 2`] = `[]`;
