// Jest Snapshot v1, https://goo.gl/fbAQLP

exports[`walletConnectProposalUnsupportedNetworksToChainMetadatas proposal 1`] = `
[
  {
    "blockExplorers": [
      {
        "name": "etherscan",
        "standard": "EIP3091",
        "url": "https://etherscan.io",
      },
      {
        "icon": "blockscout",
        "name": "blockscout",
        "standard": "EIP3091",
        "url": "https://eth.blockscout.com",
      },
      {
        "icon": "dexguru",
        "name": "dexguru",
        "standard": "EIP3091",
        "url": "https://ethereum.dex.guru",
      },
    ],
    "decimals": 18,
    "icon": null,
    "isMainnet": null,
    "name": "Ethereum Mainnet",
    "namespace": "eip155",
    "nativeCurrencyName": "Ether",
    "reference": "1",
    "rpcUrls": [
      "https://mainnet.infura.io/v3/099fc58e0de9451d80b18d7c74caa7c1",
    ],
    "symbol": "ETH",
  },
]
`;

exports[`walletConnectProposalUnsupportedNetworksToChainMetadatas proposal 2`] = `[]`;
